node.exe : [33mThe CJS build of
 Vite's Node API is deprecated. 
See https://vite.dev/guide/troub
leshooting.html#vite-cjs-node-ap
i-deprecated for more details.[
39m
위치 C:\Program Files\nodejs\npx.p
s1:29 문자:3
+   & $NODE_EXE $NPX_CLI_JS $arg
s
+   ~~~~~~~~~~~~~~~~~~~~~~~~~~~~
~
    + CategoryInfo          : N 
   otSpecified: ([33mThe CJS   
  bu...e details.[39m:String   
 ) [], RemoteException
    + FullyQualifiedErrorId : N 
   ativeCommandError
 

[1m[46m RUN [49m[22m [36mv4.0.15 [39m[90mC:/Users/fabro/Desktop/fomo/fomopomo[39m

[31m??렞??렞??렞[39m[1m[41m Unh
andled Errors [49m[22m[31m??렞
??렞??렞[39m
[31m[1m
Vitest caught 1 unhandled error 
during the test run.
This might cause false positive 
tests. Resolve unhandled errors 
to make sure your tests are not 
affected.[22m[39m

[31m??렞??렞??렞[39m[1m[41m Unh
andled Error [49m[22m[31m??렞?
?렞??렞??[39m
[31m[1mError[22m: require() o
f ES Module C:\Users\fabro\Deskt
op\fomo\fomopomo\node_modules\pa
rse5\dist\index.js from C:\Users
\fabro\Desktop\fomo\fomopomo\nod
e_modules\jsdom\lib\jsdom\browse
r\parser\html.js not supported.
Instead change the require of in
dex.js in C:\Users\fabro\Desktop
\fomo\fomopomo\node_modules\jsdo
m\lib\jsdom\browser\parser\html.
js to a dynamic import() which i
s available in all CommonJS modu
les.[39m
[90m [2m??[22m TracingChannel.
traceSync node:diagnostics_chann
el:[2m315:14[22m[39m
[90m [2m??[22m Object.<anonymo
us> node_modules/jsdom/lib/jsdom
/browser/parser/html.js:[2m3:16
[22m[39m

[31m[2m??렞??렞??렞??렞??렞??렞??렞??
렞??렞??렞??렞??렞??렞??렞??렞[22m[39m
[31m[1mSerialized Error:[22m
[39m [90m{ code: 'ERR_REQUIRE_E
SM' }[39m
[31m??렞??렞??렞??렞??렞??렞??렞??렞??렞
??렞??렞??렞??렞??렞??렞[39m


[2m Test Files [22m [2mno tests[22m
[2m      Tests [22m [2mno tests[22m
[2m     Errors [22m [1m[31m1 error[39m[22m
[2m   Start at [22m 23:29:48
[2m   Duration [22m 656ms[2m (transform 0ms, setup 0ms, import 0ms, tests 0ms, environment 0ms)[22m

